// Jest Snapshot v1, https://goo.gl/fbAQLP

exports[`App screen should render as expected 1`] = `
<RCTSafeAreaView
  emulateUnlessSupported={true}
  style={
    Object {
      "flex": 1,
    }
  }
>
  <RCTScrollView
    contentInsetAdjustmentBehavior="automatic"
    style={
      Object {
        "backgroundColor": "#e7e4fb",
        "padding": 20,
      }
    }
  >
    <View>
      <View
        style={
          Object {
            "backgroundColor": "white",
            "borderRadius": 10,
            "padding": 10,
          }
        }
      >
        <TextInput
          allowFontScaling={true}
          keyboardType="decimal-pad"
          onChangeText={[Function]}
          placeholder="Enter value"
          rejectResponderTermination={true}
          selectTextOnFocus={true}
          style={
            Object {
              "borderColor": "#e7e4fb",
              "borderRadius": 10,
              "borderWidth": 1,
              "fontSize": 36,
            }
          }
          underlineColorAndroid="transparent"
          value="1"
        />
        <View>
          <RNCPicker
            items={
              Array [
                Object {
                  "label": "Sri Lanka",
                  "textColor": undefined,
                  "value": "LKR",
                },
                Object {
                  "label": "Danmark",
                  "textColor": undefined,
                  "value": "DKK",
                },
                Object {
                  "label": "India",
                  "textColor": undefined,
                  "value": "INR",
                },
                Object {
                  "label": "US",
                  "textColor": undefined,
                  "value": "USD",
                },
                Object {
                  "label": "Thailand",
                  "textColor": undefined,
                  "value": "THB",
                },
              ]
            }
            onChange={[Function]}
            selectedIndex={0}
            style={
              Array [
                Object {
                  "height": 216,
                },
                Object {
                  "fontSize": 26,
                },
              ]
            }
            testID="picker"
          />
        </View>
        <View
          style={
            Object {
              "marginTop": 10,
            }
          }
        >
          <View
            accessibilityRole="button"
            accessibilityState={Object {}}
            accessible={true}
            focusable={true}
            onClick={[Function]}
            onResponderGrant={[Function]}
            onResponderMove={[Function]}
            onResponderRelease={[Function]}
            onResponderTerminate={[Function]}
            onResponderTerminationRequest={[Function]}
            onStartShouldSetResponder={[Function]}
            style={
              Object {
                "opacity": 1,
              }
            }
          >
            <View
              style={
                Array [
                  Object {},
                ]
              }
            >
              <Text
                style={
                  Array [
                    Object {
                      "color": "#007AFF",
                      "fontSize": 18,
                      "margin": 8,
                      "textAlign": "center",
                    },
                    Object {
                      "color": "#5c53af",
                    },
                  ]
                }
              >
                Convert
              </Text>
            </View>
          </View>
        </View>
      </View>
      <View
        style={
          Object {
            "alignItems": "center",
            "backgroundColor": "white",
            "borderRadius": 10,
            "marginTop": 10,
            "padding": 10,
          }
        }
      >
        <Text
          style={
            Object {
              "color": "#5c53af",
              "fontSize": 36,
            }
          }
        >
          â‚¬1.00
           =
        </Text>
        <Text>
          Click Convert
        </Text>
      </View>
    </View>
  </RCTScrollView>
</RCTSafeAreaView>
`;
